# command log of accesses to live files/processes
$ readlink /proc/2433/cwd
/home/akhil/Workspace/github.com/akhilrs/nexora
$ cat /proc/2433/stat
2433 (MainThread) R 1 2433 2433 0 -1 4194304 904088217 328719704 401717 65235 2866428 1640433 333618 428719 20 0 11 0 501537168 2007191552 75302 18446744073709551615 15933440 58721953 140728450611056 0 0 0 0 16781312 17922 0 0 0 17 2 0 0 0 0 0 115447352 115635648 963588096 140728450613550 140728450613695 140728450613695 140728450617263 0
$ grep -E "^(Rss|VmRSS|VmHWM|Threads)" /proc/2433/status
VmHWM:	  323748 kB
VmRSS:	  301208 kB
RssAnon:	  271296 kB
RssFile:	   29912 kB
RssShmem:	       0 kB
Threads:	11
$ ls /proc/2433/task | wc -l
11
$ ls -l /proc/2433/fd | wc -l
28
$ cat /proc/loadavg
4.11 2.35 9.39 3/2069 28499
$ node scripts/copy-ledger.mjs /home/akhil/Workspace/github.com/akhilrs/nexora/.capstan/state/controller.sqlite /tmp/capstan-prof-v030/ledger
(node:29764) ExperimentalWarning: SQLite is an experimental feature and might change at any time
(Use `node --trace-warnings ...` to show where the warning was created)
/tmp/capstan-prof-v030/ledger/controller.sqlite
$ tail -n 3000 .../daemon.log (read, copied to results)
$ (read) cat live capstan.toml; cp -r live roles/  (via setup.sh)
$ date -Is; cat /proc/2433/stat; for t in /proc/2433/task/*/stat; cat; grep -E '^(RssAnon|RssFile|VmRSS)' /proc/2433/status; cat /proc/loadavg
2026-10-08T09:19:32+05:30
2433 (MainThread) R 1 2433 2433 0 -1 4194304 918473734 331840597 406853 65720 2940559 1679880 338438 433895 20 0 11 0 501537168 2007191552 75584 18446744073709551615 15933440 58721953 140728450611056 0 0 0 0 16781312 17922 0 0 0 17 4 0 0 0 0 0 115447352 115635648 963588096 140728450613550 140728450613695 140728450613695 140728450617263 0
2433 (MainThread) R 1 2433 2433 0 -1 4194304 887255185 331840597 397196 65720 2853909 1633528 338438 433895 20 0 11 0 501537168 2007191552 75584 18446744073709551615 15933440 58721953 140728450611056 0 0 0 0 16781312 17922 0 0 0 17 4 0 0 0 0 0 115447352 115635648 963588096 140728450613550 140728450613695 140728450613695 140728450617263 0
2434 (MainThread) S 1 2433 2433 0 -1 4194368 3375 331840597 1 65720 0 5 338438 433895 20 0 11 0 501537169 2007191552 75584 18446744073709551615 15933440 58721953 140728450611056 0 0 0 512 16781312 17922 1 0 0 -1 1 0 0 0 0 0 115447352 115635648 963588096 140728450613550 140728450613695 140728450613695 140728450617263 0
2435 (V8Worker) S 1 2433 2433 0 -1 4194368 7740329 331840597 2999 65720 17747 2461 338438 433895 20 0 11 0 501537169 2007191552 75584 18446744073709551615 15933440 58721953 140728450611056 0 0 0 512 16781312 17922 1 0 0 -1 4 0 0 0 0 0 115447352 115635648 963588096 140728450613550 140728450613695 140728450613695 140728450617263 0
2436 (V8Worker) S 1 2433 2433 0 -1 4194368 7682634 331840597 1670 65720 17784 2329 338438 433895 20 0 11 0 501537169 2007191552 75584 18446744073709551615 15933440 58721953 140728450611056 0 0 0 512 16781312 17922 1 0 0 -1 2 0 0 0 0 0 115447352 115635648 963588096 140728450613550 140728450613695 140728450613695 140728450617263 0
2437 (V8Worker) S 1 2433 2433 0 -1 4194368 7623915 331840597 4498 65720 17804 2518 338438 433895 20 0 11 0 501537169 2007191552 75584 18446744073709551615 15933440 58721953 140728450611056 0 0 0 512 16781312 17922 1 0 0 -1 6 0 0 0 0 0 115447352 115635648 963588096 140728450613550 140728450613695 140728450613695 140728450617263 0
2438 (V8Worker) S 1 2433 2433 0 -1 4194368 7770922 331840597 466 65720 17887 2363 338438 433895 20 0 11 0 501537169 2007191552 75584 18446744073709551615 15933440 58721953 140728450611056 0 0 0 512 16781312 17922 1 0 0 -1 1 0 0 0 0 0 115447352 115635648 963588096 140728450613550 140728450613695 140728450613695 140728450617263 0
2439 (SignalInspector) S 1 2433 2433 0 -1 4194368 1 331840597 0 65720 0 0 338438 433895 20 0 11 0 501537171 2007191552 75584 18446744073709551615 15933440 58721953 140728450611056 0 0 0 2147221247 16781312 17922 1 0 0 -1 4 0 0 0 0 0 115447352 115635648 963588096 140728450613550 140728450613695 140728450613695 140728450617263 0
5486 (libuv-worker) S 1 2433 2433 0 -1 4194624 98495 331840597 11 65720 2909 10098 338438 433895 20 0 11 0 501541231 2007191552 75584 18446744073709551615 15933440 58721953 140728450611056 0 0 0 0 16781312 17922 1 0 0 -1 6 0 0 0 0 0 115447352 115635648 963588096 140728450613550 140728450613695 140728450613695 140728450617263 0
5487 (libuv-worker) S 1 2433 2433 0 -1 4194624 99549 331840597 3 65720 2877 10136 338438 433895 20 0 11 0 501541231 2007191552 75584 18446744073709551615 15933440 58721953 140728450611056 0 0 0 0 16781312 17922 1 0 0 -1 6 0 0 0 0 0 115447352 115635648 963588096 140728450613550 140728450613695 140728450613695 140728450617263 0
5488 (libuv-worker) S 1 2433 2433 0 -1 4194624 98698 331840597 4 65720 2918 10120 338438 433895 20 0 11 0 501541231 2007191552 75584 18446744073709551615 15933440 58721953 140728450611056 0 0 0 0 16781312 17922 1 0 0 -1 5 0 0 0 0 0 115447352 115635648 963588096 140728450613550 140728450613695 140728450613695 140728450617263 0
5489 (libuv-worker) S 1 2433 2433 0 -1 4194624 100675 331840597 5 65720 2880 10154 338438 433895 20 0 11 0 501541231 2007191552 75584 18446744073709551615 15933440 58721953 140728450611056 0 0 0 0 16781312 17922 1 0 0 -1 7 0 0 0 0 0 115447352 115635648 963588096 140728450613550 140728450613695 140728450613695 140728450617263 0
VmRSS:	  302336 kB
RssAnon:	  271348 kB
RssFile:	   30988 kB
3.54 3.68 6.34 6/1710 16251
$ tail -n 3000 /home/akhil/Workspace/github.com/akhilrs/nexora/.capstan/daemon.log > daemon-tail.log (read only; analysed below)
$ date -Is; cat /proc/2433/stat; for t in /proc/2433/task/*/stat; cat; grep -E '^(RssAnon|RssFile|VmRSS)' /proc/2433/status; cat /proc/loadavg
2026-10-08T09:24:32+05:30
2433 (MainThread) S 1 2433 2433 0 -1 4194304 919843414 332025044 406853 65724 2948486 1683928 338478 434116 20 0 11 0 501537168 2007191552 75584 18446744073709551615 15933440 58721953 140728450611056 0 0 0 0 16781312 17922 0 0 0 17 2 0 0 0 0 0 115447352 115635648 963588096 140728450613550 140728450613695 140728450613695 140728450617263 0
2433 (MainThread) R 1 2433 2433 0 -1 4194304 888572622 332025044 397196 65724 2861659 1637494 338478 434116 20 0 11 0 501537168 2007191552 75584 18446744073709551615 15933440 58721953 140728450611056 0 0 0 0 16781312 17922 0 0 0 17 2 0 0 0 0 0 115447352 115635648 963588096 140728450613550 140728450613695 140728450613695 140728450617263 0
2434 (MainThread) S 1 2433 2433 0 -1 4194368 3375 332025044 1 65724 0 5 338478 434116 20 0 11 0 501537169 2007191552 75584 18446744073709551615 15933440 58721953 140728450611056 0 0 0 512 16781312 17922 1 0 0 -1 1 0 0 0 0 0 115447352 115635648 963588096 140728450613550 140728450613695 140728450613695 140728450617263 0
2435 (V8Worker) S 1 2433 2433 0 -1 4194368 7753380 332025044 2999 65724 17784 2464 338478 434116 20 0 11 0 501537169 2007191552 75584 18446744073709551615 15933440 58721953 140728450611056 0 0 0 512 16781312 17922 1 0 0 -1 4 0 0 0 0 0 115447352 115635648 963588096 140728450613550 140728450613695 140728450613695 140728450617263 0
2436 (V8Worker) S 1 2433 2433 0 -1 4194368 7693373 332025044 1670 65724 17819 2332 338478 434116 20 0 11 0 501537169 2007191552 75584 18446744073709551615 15933440 58721953 140728450611056 0 0 0 512 16781312 17922 1 0 0 -1 6 0 0 0 0 0 115447352 115635648 963588096 140728450613550 140728450613695 140728450613695 140728450617263 0
2437 (V8Worker) S 1 2433 2433 0 -1 4194368 7636474 332025044 4498 65724 17842 2521 338478 434116 20 0 11 0 501537169 2007191552 75584 18446744073709551615 15933440 58721953 140728450611056 0 0 0 512 16781312 17922 1 0 0 -1 5 0 0 0 0 0 115447352 115635648 963588096 140728450613550 140728450613695 140728450613695 140728450617263 0
2438 (V8Worker) S 1 2433 2433 0 -1 4194368 7786000 332025044 466 65724 17922 2366 338478 434116 20 0 11 0 501537169 2007191552 75584 18446744073709551615 15933440 58721953 140728450611056 0 0 0 512 16781312 17922 1 0 0 -1 0 0 0 0 0 0 115447352 115635648 963588096 140728450613550 140728450613695 140728450613695 140728450617263 0
2439 (SignalInspector) S 1 2433 2433 0 -1 4194368 1 332025044 0 65724 0 0 338478 434116 20 0 11 0 501537171 2007191552 75584 18446744073709551615 15933440 58721953 140728450611056 0 0 0 2147221247 16781312 17922 1 0 0 -1 4 0 0 0 0 0 115447352 115635648 963588096 140728450613550 140728450613695 140728450613695 140728450617263 0
5486 (libuv-worker) S 1 2433 2433 0 -1 4194624 98698 332025044 11 65724 2915 10118 338478 434116 20 0 11 0 501541231 2007191552 75584 18446744073709551615 15933440 58721953 140728450611056 0 0 0 0 16781312 17922 1 0 0 -1 4 0 0 0 0 0 115447352 115635648 963588096 140728450613550 140728450613695 140728450613695 140728450617263 0
5487 (libuv-worker) S 1 2433 2433 0 -1 4194624 99710 332025044 3 65724 2884 10155 338478 434116 20 0 11 0 501541231 2007191552 75584 18446744073709551615 15933440 58721953 140728450611056 0 0 0 0 16781312 17922 1 0 0 -1 5 0 0 0 0 0 115447352 115635648 963588096 140728450613550 140728450613695 140728450613695 140728450617263 0
5488 (libuv-worker) S 1 2433 2433 0 -1 4194624 98889 332025044 4 65724 2926 10138 338478 434116 20 0 11 0 501541231 2007191552 75584 18446744073709551615 15933440 58721953 140728450611056 0 0 0 0 16781312 17922 1 0 0 -1 2 0 0 0 0 0 115447352 115635648 963588096 140728450613550 140728450613695 140728450613695 140728450617263 0
5489 (libuv-worker) S 1 2433 2433 0 -1 4194624 100892 332025044 5 65724 2885 10176 338478 434116 20 0 11 0 501541231 2007191552 75584 18446744073709551615 15933440 58721953 140728450611056 0 0 0 0 16781312 17922 1 0 0 -1 5 0 0 0 0 0 115447352 115635648 963588096 140728450613550 140728450613695 140728450613695 140728450617263 0
VmRSS:	  302336 kB
RssAnon:	  271348 kB
RssFile:	   30988 kB
4.86 3.92 5.67 19/1782 5575

# ---- accesses made earlier in the session that were not written to this log as they happened (added afterwards, complete list) ----
# All are reads of /proc, of directory metadata, or of capstan.toml; none writes, none touches the live socket, none runs herdr.
$ ps aux | grep -i -E "capstan|cstan|herdr" | grep -v grep          # process list (reads /proc); used to find the live daemon pid 2433 and the herdr servers
$ ls ~/.capstan ~/.local/share/capstan                              # does not exist / install dir listing
$ ls -la /home/akhil/Workspace/github.com/akhilrs/nexora/.capstan /home/akhil/Workspace/github.com/akhilrs/nexora/.capstan/state   # directory metadata only (sizes, modes, times)
$ grep herdr_session /home/akhil/Workspace/github.com/akhilrs/nexora/capstan.toml; sed -n 1,20p .../capstan.toml                      # read of the live project's capstan.toml
$ (setup.sh) awk '/^\[operator\]/{skip=1;next} /^\[/{skip=0} !skip' .../nexora/capstan.toml > scratch root/capstan.toml            # read of capstan.toml, written without [operator] to the scratch project
$ (setup.sh) [ -d .../nexora/roles ] && cp -r .../nexora/roles ...   # the live project has no roles/ directory; nothing copied (an earlier attempt without the test failed with 'No such file')
$ ls -d /home/akhil/.herdr/worktrees/nexora/chore-operator-23-operator                                                              # existence check of one worktree path named in the ledger copy (absent)
$ ls -la --time-style=full-iso /home/akhil/Workspace/github.com/akhilrs/capstan/dist/src/cli.js                                      # mtime of the main checkout's build (not the live daemon's file)
$ cat /proc/loadavg; uptime; nproc                                                                                                      # machine load
$ tail -n 3000 .../nexora/.capstan/daemon.log   (read twice: once above, analysed with python3 for call rates, nothing else)
# Not accessed: operator.key, controller.sqlite itself (only through copy-ledger.mjs), control.sock, any herdr command, any live pane or worktree.
# The scratch daemons used a `herdr` replay shim and a `git` shim first on PATH; git-refused.log in the scratch directory shows the git shim
# refusing two operations on the live worktree path in the ledger copy ("git shim: refused /home/akhil/.herdr/worktrees/nexora/chore-operator-23-operator").
