=== final-base-1 start 2026-10-08T13:37:42+05:30 load 1.20 1.61 4.99
pid 356 2026-10-08T13:37:50+05:30 load 1.39 1.64 4.97 cwd /tmp/capstan-prof-v030/s/root
cpu run 1: own 2.9% (user 1.7 sys 1.2) children 0.5% (user 0.2 sys 0.3) total 3.4% of one core over 60s; herdr calls 116 (1.93/s); threads MainThread:356=2.4% V8Worker:362=0.1% V8Worker:363=0.1% V8Worker:364=0.1% V8Worker:365=0.1%; load 1.39/1.64/4.97 -> 1.06/1.48/4.70
cpu run 2: own 2.5% (user 1.4 sys 1.1) children 0.5% (user 0.2 sys 0.3) total 3.0% of one core over 60s; herdr calls 119 (1.98/s); threads MainThread:356=2.2% libuv-worker:372=0.1%; load 1.06/1.48/4.70 -> 1.97/1.67/4.56
cpu run 3: own 2.8% (user 1.6 sys 1.1) children 0.6% (user 0.2 sys 0.4) total 3.3% of one core over 60s; herdr calls 124 (2.07/s); threads MainThread:356=2.3% V8Worker:362=0.1% V8Worker:363=0.1% V8Worker:364=0.1%; load 1.97/1.67/4.56 -> 3.20/2.21/4.57
cpu run 4: own 2.8% (user 1.7 sys 1.1) children 0.5% (user 0.2 sys 0.3) total 3.4% of one core over 60s; herdr calls 120 (2.00/s); threads MainThread:356=2.4% V8Worker:362=0.1% V8Worker:363=0.1% V8Worker:364=0.1% V8Worker:365=0.1%; load 3.20/2.21/4.57 -> 3.68/2.48/4.51
cpu run 5: own 2.6% (user 1.5 sys 1.1) children 0.5% (user 0.2 sys 0.4) total 3.1% of one core over 60s; herdr calls 119 (1.98/s); threads MainThread:356=2.2% V8Worker:362=0.1% V8Worker:365=0.1%; load 3.68/2.48/4.51 -> 5.91/3.43/4.72
cpu run 6: own 2.9% (user 1.7 sys 1.1) children 0.6% (user 0.1 sys 0.4) total 3.5% of one core over 60s; herdr calls 124 (2.07/s); threads MainThread:356=2.4% V8Worker:363=0.1% V8Worker:364=0.1% V8Worker:365=0.1%; load 5.91/3.43/4.72 -> 6.09/3.93/4.81
cpu run 7: own 2.7% (user 1.7 sys 1.0) children 0.6% (user 0.2 sys 0.4) total 3.3% of one core over 60s; herdr calls 120 (2.00/s); threads MainThread:356=2.2% V8Worker:362=0.1% V8Worker:363=0.1% V8Worker:364=0.1% V8Worker:365=0.1% libuv-worker:370=0.1%; load 6.09/3.93/4.81 -> 3.70/3.73/4.69
cpu run 8: own 2.5% (user 1.4 sys 1.1) children 0.5% (user 0.2 sys 0.3) total 3.0% of one core over 60s; herdr calls 119 (1.98/s); threads MainThread:356=2.1% V8Worker:362=0.1%; load 3.70/3.73/4.69 -> 3.48/3.62/4.59
cpu run 9: own 2.7% (user 1.6 sys 1.1) children 0.5% (user 0.2 sys 0.3) total 3.3% of one core over 60s; herdr calls 124 (2.07/s); threads MainThread:356=2.3% V8Worker:362=0.1% V8Worker:363=0.1% V8Worker:364=0.1% V8Worker:365=0.1%; load 3.48/3.62/4.59 -> 1.97/3.16/4.37
cpu run 10: own 2.6% (user 1.6 sys 1.0) children 0.5% (user 0.2 sys 0.3) total 3.1% of one core over 60s; herdr calls 120 (2.00/s); threads MainThread:356=2.2% V8Worker:364=0.1% V8Worker:365=0.1%; load 1.97/3.16/4.37 -> 1.43/2.77/4.16
VmRSS: 158312 kB
RssAnon: 104884 kB
RssFile: 53428 kB
cpu.txt
herdr-calls.txt
memreport.json
mem.txt
proc-end.txt
proc-start.txt
proc-status-end.txt
=== final-base-1 end 2026-10-08T13:48:02+05:30 load 2.24 2.90 4.19
=== final-after-1 start 2026-10-08T13:48:02+05:30 load 2.24 2.90 4.19
pid 15714 2026-10-08T13:48:10+05:30 load 2.30 2.91 4.18 cwd /tmp/capstan-prof-v030/s/root
cpu run 1: own 1.1% (user 0.8 sys 0.4) children 0.3% (user 0.2 sys 0.1) total 1.5% of one core over 60s; herdr calls 116 (1.93/s); threads MainThread:15714=1.0%; load 2.36/2.91/4.17 -> 2.81/2.95/4.11
cpu run 2: own 0.9% (user 0.6 sys 0.3) children 0.3% (user 0.2 sys 0.1) total 1.3% of one core over 60s; herdr calls 123 (2.05/s); threads MainThread:15714=0.8%; load 2.81/2.95/4.11 -> 2.38/2.80/3.98
cpu run 3: own 0.9% (user 0.7 sys 0.2) children 0.4% (user 0.3 sys 0.1) total 1.3% of one core over 60s; herdr calls 124 (2.07/s); threads MainThread:15714=0.8%; load 2.38/2.80/3.98 -> 2.27/2.68/3.86
cpu run 4: own 0.9% (user 0.6 sys 0.3) children 0.3% (user 0.2 sys 0.1) total 1.2% of one core over 60s; herdr calls 120 (2.00/s); threads MainThread:15714=0.8%; load 2.27/2.68/3.86 -> 2.50/2.66/3.78
cpu run 5: own 0.9% (user 0.6 sys 0.3) children 0.4% (user 0.2 sys 0.1) total 1.3% of one core over 60s; herdr calls 123 (2.05/s); threads MainThread:15714=0.8%; load 2.50/2.66/3.78 -> 2.75/2.75/3.74
cpu run 6: own 1.1% (user 0.8 sys 0.3) children 0.4% (user 0.3 sys 0.1) total 1.5% of one core over 60s; herdr calls 124 (2.07/s); threads MainThread:15714=1.0%; load 2.75/2.75/3.74 -> 2.42/2.66/3.66
cpu run 7: own 0.8% (user 0.5 sys 0.3) children 0.4% (user 0.2 sys 0.1) total 1.1% of one core over 60s; herdr calls 120 (2.00/s); threads MainThread:15714=0.8%; load 2.42/2.66/3.66 -> 1.74/2.42/3.51
cpu run 8: own 0.9% (user 0.6 sys 0.3) children 0.3% (user 0.2 sys 0.1) total 1.2% of one core over 60s; herdr calls 124 (2.07/s); threads MainThread:15714=0.8%; load 1.74/2.42/3.51 -> 1.71/2.27/3.39
cpu run 9: own 0.8% (user 0.5 sys 0.3) children 0.4% (user 0.2 sys 0.1) total 1.2% of one core over 60s; herdr calls 123 (2.05/s); threads MainThread:15714=0.8%; load 1.71/2.27/3.39 -> 1.76/2.16/3.28
cpu run 10: own 0.8% (user 0.5 sys 0.3) children 0.3% (user 0.3 sys 0.1) total 1.2% of one core over 60s; herdr calls 120 (2.00/s); threads MainThread:15714=0.8%; load 1.76/2.16/3.28 -> 1.44/2.02/3.16
VmRSS: 94764 kB
RssAnon: 41288 kB
RssFile: 53476 kB
cpu.txt
herdr-calls.txt
memreport.json
mem.txt
proc-end.txt
proc-start.txt
proc-status-end.txt
=== final-after-1 end 2026-10-08T13:58:22+05:30 load 1.56 2.02 3.14
=== final-base-2 start 2026-10-08T13:58:22+05:30 load 1.56 2.02 3.14
pid 20825 2026-10-08T13:58:30+05:30 load 2.07 2.12 3.16 cwd /tmp/capstan-prof-v030/s/root
cpu run 1: own 3.0% (user 1.8 sys 1.2) children 0.5% (user 0.2 sys 0.3) total 3.5% of one core over 60s; herdr calls 116 (1.93/s); threads MainThread:20825=2.5% V8Worker:20831=0.1% V8Worker:20832=0.1% V8Worker:20833=0.1% V8Worker:20834=0.1%; load 2.07/2.12/3.16 -> 1.93/2.03/3.06
cpu run 2: own 2.7% (user 1.7 sys 1.0) children 0.5% (user 0.2 sys 0.3) total 3.2% of one core over 60s; herdr calls 119 (1.98/s); threads MainThread:20825=2.3% V8Worker:20831=0.1% V8Worker:20832=0.1% V8Worker:20833=0.1% V8Worker:20834=0.1%; load 1.93/2.03/3.06 -> 1.65/1.97/2.98
cpu run 3: own 3.0% (user 1.8 sys 1.2) children 0.6% (user 0.2 sys 0.4) total 3.6% of one core over 60s; herdr calls 124 (2.07/s); threads MainThread:20825=2.5% V8Worker:20831=0.1% V8Worker:20832=0.1% V8Worker:20833=0.1% V8Worker:20834=0.1% libuv-worker:20839=0.1% libuv-worker:20841=0.1%; load 1.65/1.97/2.98 -> 2.70/2.20/3.00
cpu run 4: own 2.9% (user 1.8 sys 1.1) children 0.6% (user 0.2 sys 0.4) total 3.5% of one core over 60s; herdr calls 120 (2.00/s); threads MainThread:20825=2.4% V8Worker:20831=0.1% V8Worker:20832=0.1% V8Worker:20834=0.1%; load 2.70/2.20/3.00 -> 6.50/3.26/3.30
cpu run 5: own 2.7% (user 1.4 sys 1.2) children 0.6% (user 0.2 sys 0.4) total 3.2% of one core over 60s; herdr calls 119 (1.98/s); threads MainThread:20825=2.3% V8Worker:20831=0.1% V8Worker:20833=0.1%; load 6.50/3.26/3.30 -> 6.90/4.07/3.59
cpu run 6: own 3.1% (user 1.8 sys 1.2) children 0.6% (user 0.2 sys 0.4) total 3.7% of one core over 60s; herdr calls 120 (2.00/s); threads MainThread:20825=2.6% V8Worker:20832=0.1% V8Worker:20833=0.1% V8Worker:20834=0.1% libuv-worker:20841=0.1%; load 6.90/4.07/3.59 -> 6.23/4.37/3.72
cpu run 7: own 10.5% (user 0.6 sys 9.9) children 0.2% (user 0.0 sys 0.2) total 10.7% of one core over 60s; herdr calls 16 (0.27/s); threads MainThread:20825=10.4%; load 6.23/4.37/3.72 -> 28.09/10.49/5.84
cpu run 8: own 10.6% (user 0.6 sys 10.0) children 0.1% (user 0.0 sys 0.1) total 10.7% of one core over 60s; herdr calls 4 (0.07/s); threads MainThread:20825=10.5% V8Worker:20831=0.1%; load 28.09/10.49/5.84 -> 31.42/14.94/7.68
cpu run 9: own 1.6% (user 0.2 sys 1.4) children 0.0% (user 0.0 sys 0.0) total 1.7% of one core over 265s; herdr calls 32 (0.12/s); threads MainThread:20825=2.0%; load 31.42/14.94/7.68 -> 170.01/91.77/40.03
cpu run 10: own 3.5% (user 2.1 sys 1.4) children 0.6% (user 0.2 sys 0.5) total 4.2% of one core over 60s; herdr calls 114 (1.90/s); threads MainThread:20825=2.9% V8Worker:20831=0.1% V8Worker:20832=0.1% V8Worker:20833=0.1% V8Worker:20834=0.1%; load 170.01/91.77/40.03 -> 73.75/78.59/38.75
VmRSS: 120556 kB
RssAnon: 102628 kB
RssFile: 17928 kB
cpu.txt
herdr-calls.txt
memreport.json
mem.txt
proc-end.txt
proc-start.txt
proc-status-end.txt
=== final-base-2 end 2026-10-08T14:12:07+05:30 load 58.74 75.04 38.23
=== final-after-2 start 2026-10-08T14:12:07+05:30 load 58.74 75.04 38.23
