=== final-base-2 start 2026-10-08T14:50:28+05:30 load 1.47 13.20 33.73
pid 2450 2026-10-08T14:50:36+05:30 load 1.39 12.80 33.38 cwd /tmp/capstan-prof-v030/s/root
cpu run 1: own 2.9% (user 1.9 sys 1.1) children 0.5% (user 0.2 sys 0.3) total 3.4% of one core over 60s; herdr calls 116 (1.93/s); threads MainThread:2450=2.4% V8Worker:2456=0.1% V8Worker:2457=0.1% V8Worker:2458=0.1% V8Worker:2459=0.1%; load 1.39/12.80/33.38 -> 1.78/10.84/31.42
cpu run 2: own 2.6% (user 1.5 sys 1.0) children 0.6% (user 0.2 sys 0.4) total 3.1% of one core over 60s; herdr calls 119 (1.98/s); threads MainThread:2450=2.2% V8Worker:2456=0.1% V8Worker:2458=0.1%; load 1.78/10.84/31.42 -> 0.98/8.97/29.48
cpu run 3: own 2.7% (user 1.6 sys 1.1) children 0.5% (user 0.1 sys 0.4) total 3.3% of one core over 60s; herdr calls 124 (2.07/s); threads MainThread:2450=2.3% V8Worker:2457=0.1% V8Worker:2458=0.1% V8Worker:2459=0.1%; load 0.98/8.97/29.48 -> 1.15/7.57/27.72
cpu run 4: own 2.6% (user 1.7 sys 0.9) children 0.4% (user 0.2 sys 0.3) total 3.0% of one core over 60s; herdr calls 120 (2.00/s); threads MainThread:2450=2.2% V8Worker:2456=0.1% V8Worker:2457=0.1% V8Worker:2458=0.1% V8Worker:2459=0.1%; load 1.15/7.57/27.72 -> 0.57/6.24/26.00
cpu run 5: own 2.5% (user 1.4 sys 1.0) children 0.5% (user 0.2 sys 0.3) total 3.0% of one core over 60s; herdr calls 123 (2.05/s); threads MainThread:2450=2.1%; load 0.57/6.24/26.00 -> 0.63/5.23/24.41
cpu run 6: own 2.8% (user 1.6 sys 1.2) children 0.5% (user 0.2 sys 0.3) total 3.3% of one core over 60s; herdr calls 120 (2.00/s); threads MainThread:2450=2.4% V8Worker:2456=0.1% V8Worker:2457=0.1% V8Worker:2458=0.1% V8Worker:2459=0.1%; load 0.63/5.23/24.41 -> 1.11/4.50/22.96
cpu run 7: own 2.7% (user 1.6 sys 1.1) children 0.5% (user 0.2 sys 0.4) total 3.3% of one core over 60s; herdr calls 120 (2.00/s); threads MainThread:2450=2.3% V8Worker:2456=0.1% V8Worker:2459=0.1% libuv-worker:2462=0.1%; load 1.11/4.50/22.96 -> 4.06/4.75/21.89
cpu run 8: own 2.6% (user 1.6 sys 1.1) children 0.6% (user 0.2 sys 0.4) total 3.2% of one core over 60s; herdr calls 123 (2.05/s); threads MainThread:2450=2.2% V8Worker:2456=0.1% V8Worker:2457=0.1% V8Worker:2458=0.1% V8Worker:2459=0.1%; load 4.06/4.75/21.89 -> 4.01/4.70/20.80
cpu run 9: own 2.8% (user 1.7 sys 1.1) children 0.5% (user 0.2 sys 0.4) total 3.4% of one core over 60s; herdr calls 120 (2.00/s); threads MainThread:2450=2.3% V8Worker:2456=0.1% V8Worker:2457=0.1% V8Worker:2458=0.1% V8Worker:2459=0.1%; load 4.01/4.70/20.80 -> 2.25/4.08/19.58
cpu run 10: own 2.9% (user 1.7 sys 1.2) children 0.6% (user 0.2 sys 0.4) total 3.5% of one core over 60s; herdr calls 122 (2.03/s); threads MainThread:2450=2.5% V8Worker:2457=0.1% V8Worker:2458=0.1% V8Worker:2459=0.1%; load 2.25/4.08/19.58 -> 2.74/3.89/18.54
VmRSS: 164916 kB
RssAnon: 110316 kB
RssFile: 54600 kB
cpu.txt
herdr-calls.txt
memreport.json
mem.txt
proc-end.txt
proc-start.txt
proc-status-end.txt
=== final-base-2 end 2026-10-08T15:00:47+05:30 load 3.01 3.91 18.39
=== final-after-2 start 2026-10-08T15:00:47+05:30 load 3.01 3.91 18.39
pid 10123 2026-10-08T15:00:56+05:30 load 3.00 3.88 18.23 cwd /tmp/capstan-prof-v030/s/root
cpu run 1: own 1.1% (user 0.8 sys 0.3) children 0.3% (user 0.2 sys 0.1) total 1.5% of one core over 60s; herdr calls 116 (1.93/s); threads MainThread:10123=1.0%; load 3.00/3.88/18.23 -> 1.89/3.38/17.15
cpu run 2: own 0.9% (user 0.6 sys 0.3) children 0.3% (user 0.3 sys 0.1) total 1.3% of one core over 60s; herdr calls 123 (2.05/s); threads MainThread:10123=0.8%; load 1.89/3.38/17.15 -> 2.72/3.28/16.25
cpu run 3: own 0.9% (user 0.7 sys 0.3) children 0.4% (user 0.3 sys 0.1) total 1.3% of one core over 60s; herdr calls 124 (2.07/s); threads MainThread:10123=0.9%; load 2.72/3.28/16.25 -> 12.33/5.58/16.21
cpu run 4: own 1.0% (user 0.7 sys 0.3) children 0.4% (user 0.2 sys 0.1) total 1.4% of one core over 60s; herdr calls 120 (2.00/s); threads MainThread:10123=0.9%; load 12.33/5.58/16.21 -> 17.23/8.55/16.58
cpu run 5: own 1.0% (user 0.6 sys 0.3) children 0.4% (user 0.2 sys 0.2) total 1.3% of one core over 60s; herdr calls 119 (1.98/s); threads MainThread:10123=0.9%; load 17.23/8.55/16.58 -> 7.77/7.42/15.69
cpu run 6: own 1.2% (user 0.8 sys 0.5) children 0.4% (user 0.2 sys 0.1) total 1.6% of one core over 60s; herdr calls 124 (2.07/s); threads MainThread:10123=1.2%; load 7.77/7.42/15.69 -> 9.25/7.66/15.24
cpu run 7: own 0.9% (user 0.6 sys 0.3) children 0.4% (user 0.2 sys 0.1) total 1.2% of one core over 60s; herdr calls 120 (2.00/s); threads MainThread:10123=0.9%; load 9.25/7.66/15.24 -> 10.42/8.16/14.93
cpu run 8: own 0.9% (user 0.6 sys 0.3) children 0.4% (user 0.2 sys 0.2) total 1.3% of one core over 60s; herdr calls 122 (2.03/s); threads MainThread:10123=0.9%; load 10.42/8.16/14.93 -> 11.26/8.77/14.71
cpu run 9: own 5.8% (user 0.5 sys 5.3) children 0.8% (user 0.1 sys 0.7) total 6.6% of one core over 61s; herdr calls 84 (1.38/s); threads MainThread:10123=5.5% V8Worker:10129=0.1% V8Worker:10131=0.1%; load 11.26/8.77/14.71 -> 23.30/12.36/15.56
cpu run 10: own 0.7% (user 0.0 sys 0.7) children 0.0% (user 0.0 sys 0.0) total 0.8% of one core over 429s; herdr calls 56 (0.13/s); threads MainThread:10123=0.7%; load 23.30/12.36/15.56 -> 240.13/162.91/81.70
VmRSS: 46876 kB
RssAnon: 41020 kB
RssFile: 5856 kB
cpu.txt
herdr-calls.txt
memreport.json
mem.txt
proc-end.txt
proc-start.txt
proc-status-end.txt
=== final-after-2 end 2026-10-08T15:17:19+05:30 load 206.77 158.32 81.08
=== final-base-3 start 2026-10-08T15:17:19+05:30 load 206.77 158.32 81.08
